<results>
    <result>
        <title>Google</title>
        <href>https://en.wikipedia.org/wiki/Google</href>
        <body>Google LLC ( , GOO-g&#601;l) is an American multinational technology corporation focused on information technology, online advertising, search engine technology, email, cloud computing, software, quantum computing, e-commerce, consumer electronics, and artificial intelligence (AI). It has been referred to as "the most powerful company in the world" by the BBC, and is one of the world's most valuable brands. Google's parent company Alphabet Inc. has been described as a Big Tech company. Google was founded in 1998 by American computer scientists Larry Page and Sergey Brin. Together, they own about 14% of its publicly listed shares and control 56% of its stockholder voting power through super-voting stock. The company went public via an initial public offering (IPO) in 2004. In 2015, Google was reorganized as a wholly owned subsidiary of Alphabet Inc. Google is Alphabet's largest subsidiary and is a holding company for Alphabet's internet properties and interests. Sundar Pichai was appointed CEO of Google in 2015, replacing Larry Page, who became the CEO of Alphabet. In 2019, Pichai also became the CEO of Alphabet. After the success of its original service, Google Search (often known simply as "Google"), the company has rapidly grown to offer a multitude of products and services. These products address a wide range of use cases, including email (Gmail), navigation and mapping (Waze, Maps, and Earth), cloud computing (Cloud), web navigation (Chrome), video sharing (YouTube), productivity (Workspace), operating systems (Android and ChromeOS), cloud storage (Drive), language translation (Translate), photo storage (Photos), videotelephony (Meet), smart home (Nest), smartphones (Pixel), wearable technology (Pixel Watch and Fitbit), music streaming (YouTube Music), video on demand (YouTube TV), AI (Google Assistant and Gemini), machine learning APIs (TensorFlow), AI chips (TPU), and more. Many of these products and services are dominant in their respective industries, as is Google Search. Discontinued Google products include gaming (Stadia), Glass, Google+, Reader, Play Music, Nexus, Hangouts, and Inbox by Gmail. Google's other ventures outside of internet services and consumer electronics include quantum computing (Willow, Google Quantum AI), self-driving cars (Waymo), and transformer models (Google DeepMind).Google Search and YouTube are the two most-visited websites worldwide, followed by Facebook, Instagram, and ChatGPT. Google is the largest provider of search engines, mapping and navigation applications, email services, office suites, online video platforms, photo and cloud storage, mobile operating systems, web browsers, machine learning frameworks, and AI virtual assistants in the world as measured by market share. Google was ranked the second most valuable brand by Forbes as of January 2022, and fourth by Interbrand as of February 2022. The company has received criticism involving issues such as privacy concerns, tax avoidance, censorship, search neutrality, antitrust, and abuse of its monopoly position.</body>
    </result>
    <result>
        <title>Google</title>
        <href>https://grokipedia.com/page/Google</href>
        <body>Each letter of "Google" is colored \(from left to right\) in blue, red, yellow, blue, green, and red. Google LLC is an American multinational technology company specializing in...</body>
    </result>
    <result>
        <title>Google</title>
        <href>https://www.google.com/</href>
        <body>Search the world's information, including webpages, images, videos and more. Google has many special features to help you find exactly what you're looking ...</body>
    </result>
    <result>
        <title>Google Maps</title>
        <href>https://maps.google.com/</href>
        <body>Find local businesses, view maps and get driving directions in Google Maps. Directions. DriveWalkTransit. Nearby. RestaurantsGas stationsATMsShopping ...</body>
    </result>
    <result>
        <title>Google</title>
        <href>https://images.google.com/</href>
        <body>Google Images. The most comprehensive image search on the web.</body>
    </result>
    <result>
        <title>About Google: Our products, technology and company information ...</title>
        <href>https://about.google/</href>
        <body>Learn more about Google. Explore our innovative AI products and services, and how we're using technology to help improve lives around the world.</body>
    </result>
    <result>
        <title>Google Cloud: AI and Cloud Computing Services</title>
        <href>https://cloud.google.com/</href>
        <body>Meet your business challenges head on with AI and cloud computing services from Google, including security, data management, and hybrid &amp; multi-cloud.</body>
    </result>
    <result>
        <title>Google Accounts: Sign in</title>
        <href>https://accounts.google.com/</href>
        <body>Loading. Sign in. Use your Google Account. Email or phone. Forgot email? CAPTCHA image of text used to distinguish humans from robots.</body>
    </result>
    <result>
        <title>Learn More About Google's Secure and Protected Accounts - Google</title>
        <href>https://www.google.com/account/about/</href>
        <body>Sign in to your Google Account and learn how to set up security and other account notifications to create a personalized, secure experience.</body>
    </result>
    <result>
        <title>Google Gemini</title>
        <href>https://gemini.google.com/</href>
        <body>Meet Gemini, Google's AI assistant. Get help with writing, planning, brainstorming, and more. Experience the power of generative AI.</body>
    </result>
</results>